[    0.000000] Linux version 4.15.0-74-generic (buildd@lcy01-amd64-022) (gcc version 7.4.0 (Ubuntu 7.4.0-1ubuntu1~18.04.1)) #84-Ubuntu SMP Thu Dec 19 08:06:28 UTC 2019 (Ubuntu 4.15.0-74.84-generic 4.15.18)
[    0.000000] Command line: BOOT_IMAGE=/boot/vmlinuz-4.15.0-74-generic root=LABEL=cloudimg-rootfs ro console=tty1 console=ttyS0
[    0.000000] KERNEL supported cpus:
[    0.000000]   Intel GenuineIntel
[    0.000000]   AMD AuthenticAMD
[    0.000000]   Centaur CentaurHauls
[    0.000000] x86/fpu: Supporting XSAVE feature 0x001: 'x87 floating point registers'
[    0.000000] x86/fpu: Supporting XSAVE feature 0x002: 'SSE registers'
[    0.000000] x86/fpu: Supporting XSAVE feature 0x004: 'AVX registers'
[    0.000000] x86/fpu: xstate_offset[2]:  576, xstate_sizes[2]:  256
[    0.000000] x86/fpu: Enabled xstate features 0x7, context size is 832 bytes, using 'standard' format.
[    0.000000] e820: BIOS-provided physical RAM map:
[    0.000000] BIOS-e820: [mem 0x0000000000000000-0x000000000009fbff] usable
[    0.000000] BIOS-e820: [mem 0x000000000009fc00-0x000000000009ffff] reserved
[    0.000000] BIOS-e820: [mem 0x00000000000f0000-0x00000000000fffff] reserved
[    0.000000] BIOS-e820: [mem 0x0000000000100000-0x000000003ffeffff] usable
[    0.000000] BIOS-e820: [mem 0x000000003fff0000-0x000000003fffffff] ACPI data
[    0.000000] BIOS-e820: [mem 0x00000000fec00000-0x00000000fec00fff] reserved
[    0.000000] BIOS-e820: [mem 0x00000000fee00000-0x00000000fee00fff] reserved
[    0.000000] BIOS-e820: [mem 0x00000000fffc0000-0x00000000ffffffff] reserved
[    0.000000] NX (Execute Disable) protection: active
[    0.000000] SMBIOS 2.5 present.
[    0.000000] DMI: innotek GmbH VirtualBox/VirtualBox, BIOS VirtualBox 12/01/2006
[    0.000000] Hypervisor detected: KVM
[    0.000000] e820: last_pfn = 0x3fff0 max_arch_pfn = 0x400000000
[    0.000000] MTRR: Disabled
[    0.000000] x86/PAT: MTRRs disabled, skipping PAT initialization too.
[    0.000000] CPU MTRRs all blank - virtualized system.
[    0.000000] x86/PAT: Configuration [0-7]: WB  WT  UC- UC  WB  WT  UC- UC  
[    0.000000] found SMP MP-table at [mem 0x0009fff0-0x0009ffff]
[    0.000000] Scanning 1 areas for low memory corruption
[    0.000000] RAMDISK: [mem 0x35a6f000-0x36d2efff]
[    0.000000] ACPI: Early table checksum verification disabled
[    0.000000] ACPI: RSDP 0x00000000000E0000 000024 (v02 VBOX  )
[    0.000000] ACPI: XSDT 0x000000003FFF0030 00003C (v01 VBOX   VBOXXSDT 00000001 ASL  00000061)
[    0.000000] ACPI: FACP 0x000000003FFF00F0 0000F4 (v04 VBOX   VBOXFACP 00000001 ASL  00000061)
[    0.000000] ACPI: DSDT 0x000000003FFF0470 0022EA (v02 VBOX   VBOXBIOS 00000002 INTL 20100528)
[    0.000000] ACPI: FACS 0x000000003FFF0200 000040
[    0.000000] ACPI: FACS 0x000000003FFF0200 000040
[    0.000000] ACPI: APIC 0x000000003FFF0240 00005C (v02 VBOX   VBOXAPIC 00000001 ASL  00000061)
[    0.000000] ACPI: SSDT 0x000000003FFF02A0 0001CC (v01 VBOX   VBOXCPUT 00000002 INTL 20100528)
[    0.000000] No NUMA configuration found
[    0.000000] Faking a node at [mem 0x0000000000000000-0x000000003ffeffff]
[    0.000000] NODE_DATA(0) allocated [mem 0x3ffc5000-0x3ffeffff]
[    0.000000] kvm-clock: cpu 0, msr 0:3ff44001, primary cpu clock
[    0.000000] kvm-clock: Using msrs 4b564d01 and 4b564d00
[    0.000000] kvm-clock: using sched offset of 3781406902 cycles
[    0.000000] clocksource: kvm-clock: mask: 0xffffffffffffffff max_cycles: 0x1cd42e4dffb, max_idle_ns: 881590591483 ns
[    0.000000] Zone ranges:
[    0.000000]   DMA      [mem 0x0000000000001000-0x0000000000ffffff]
[    0.000000]   DMA32    [mem 0x0000000001000000-0x000000003ffeffff]
[    0.000000]   Normal   empty
[    0.000000]   Device   empty
[    0.000000] Movable zone start for each node
[    0.000000] Early memory node ranges
[    0.000000]   node   0: [mem 0x0000000000001000-0x000000000009efff]
[    0.000000]   node   0: [mem 0x0000000000100000-0x000000003ffeffff]
[    0.000000] Reserved but unavailable: 98 pages
[    0.000000] Initmem setup node 0 [mem 0x0000000000001000-0x000000003ffeffff]
[    0.000000] ACPI: PM-Timer IO Port: 0x4008
[    0.000000] IOAPIC[0]: apic_id 2, version 32, address 0xfec00000, GSI 0-23
[    0.000000] ACPI: INT_SRC_OVR (bus 0 bus_irq 0 global_irq 2 dfl dfl)
[    0.000000] ACPI: INT_SRC_OVR (bus 0 bus_irq 9 global_irq 9 low level)
[    0.000000] Using ACPI (MADT) for SMP configuration information
[    0.000000] smpboot: Allowing 2 CPUs, 0 hotplug CPUs
[    0.000000] PM: Registered nosave memory: [mem 0x00000000-0x00000fff]
[    0.000000] PM: Registered nosave memory: [mem 0x0009f000-0x0009ffff]
[    0.000000] PM: Registered nosave memory: [mem 0x000a0000-0x000effff]
[    0.000000] PM: Registered nosave memory: [mem 0x000f0000-0x000fffff]
[    0.000000] e820: [mem 0x40000000-0xfebfffff] available for PCI devices
[    0.000000] Booting paravirtualized kernel on KVM
[    0.000000] clocksource: refined-jiffies: mask: 0xffffffff max_cycles: 0xffffffff, max_idle_ns: 7645519600211568 ns
[    0.000000] random: get_random_bytes called from start_kernel+0x99/0x4fd with crng_init=0
[    0.000000] setup_percpu: NR_CPUS:8192 nr_cpumask_bits:2 nr_cpu_ids:2 nr_node_ids:1
[    0.000000] percpu: Embedded 45 pages/cpu s147456 r8192 d28672 u1048576
[    0.000000] PV qspinlock hash table entries: 256 (order: 0, 4096 bytes)
[    0.000000] Built 1 zonelists, mobility grouping on.  Total pages: 257913
[    0.000000] Policy zone: DMA32
[    0.000000] Kernel command line: BOOT_IMAGE=/boot/vmlinuz-4.15.0-74-generic root=LABEL=cloudimg-rootfs ro console=tty1 console=ttyS0
[    0.000000] Memory: 983080K/1048120K available (12300K kernel code, 2481K rwdata, 4260K rodata, 2428K init, 2704K bss, 65040K reserved, 0K cma-reserved)
[    0.000000] SLUB: HWalign=64, Order=0-3, MinObjects=0, CPUs=2, Nodes=1
[    0.000000] Kernel/User page tables isolation: enabled
[    0.000000] ftrace: allocating 39322 entries in 154 pages
[    0.004000] Hierarchical RCU implementation.
[    0.004000] 	RCU restricting CPUs from NR_CPUS=8192 to nr_cpu_ids=2.
[    0.004000] 	Tasks RCU enabled.
[    0.004000] RCU: Adjusting geometry for rcu_fanout_leaf=16, nr_cpu_ids=2
[    0.004000] NR_IRQS: 524544, nr_irqs: 440, preallocated irqs: 16
[    0.004000] Console: colour VGA+ 80x25
[    0.004000] console [tty1] enabled
[    0.004000] console [ttyS0] enabled
[    0.004000] ACPI: Core revision 20170831
[    0.004000] ACPI: 2 ACPI AML tables successfully acquired and loaded
[    0.004000] APIC: Switch to symmetric I/O mode setup
[    0.004000] x2apic enabled
[    0.004000] Switched APIC routing to physical x2apic.
[    0.004000] ..TIMER: vector=0x30 apic1=0 pin1=2 apic2=-1 pin2=-1
[    0.004004] tsc: Detected 1991.999 MHz processor
[    0.004972] Calibrating delay loop (skipped) preset value.. 3983.99 BogoMIPS (lpj=7967996)
[    0.005569] pid_max: default: 32768 minimum: 301
[    0.008030] Security Framework initialized
[    0.008833] Yama: becoming mindful.
[    0.009567] AppArmor: AppArmor initialized
[    0.012058] Dentry cache hash table entries: 131072 (order: 8, 1048576 bytes)
[    0.013496] Inode-cache hash table entries: 65536 (order: 7, 524288 bytes)
[    0.016011] Mount-cache hash table entries: 2048 (order: 2, 16384 bytes)
[    0.017273] Mountpoint-cache hash table entries: 2048 (order: 2, 16384 bytes)
[    0.018857] Last level iTLB entries: 4KB 64, 2MB 8, 4MB 8
[    0.020002] Last level dTLB entries: 4KB 64, 2MB 0, 4MB 0, 1GB 4
[    0.021095] Spectre V1 : Mitigation: usercopy/swapgs barriers and __user pointer sanitization
[    0.022665] Spectre V2 : Mitigation: Full generic retpoline
[    0.024002] Spectre V2 : Spectre v2 / SpectreRSB mitigation: Filling RSB on context switch
[    0.025588] Speculative Store Bypass: Vulnerable
[    0.026533] MDS: Mitigation: Clear CPU buffers
[    0.028182] Freeing SMP alternatives memory: 36K
[    0.138507] smpboot: CPU0: Intel(R) Core(TM) i7-8550U CPU @ 1.80GHz (family: 0x6, model: 0x8e, stepping: 0xa)
[    0.140000] Performance Events: unsupported p6 CPU model 142 no PMU driver, software events only.
[    0.140000] Hierarchical SRCU implementation.
[    0.140480] NMI watchdog: Perf event create on CPU 0 failed with -2
[    0.141712] NMI watchdog: Perf NMI watchdog permanently disabled
[    0.142911] smp: Bringing up secondary CPUs ...
[    0.144068] x86: Booting SMP configuration:
[    0.144899] .... node  #0, CPUs:      #1
[    0.004000] kvm-clock: cpu 1, msr 0:3ff44041, secondary cpu clock
[    0.148050] smp: Brought up 1 node, 2 CPUs
[    0.148855] smpboot: Max logical packages: 1
[    0.149709] smpboot: Total of 2 processors activated (7967.99 BogoMIPS)
[    0.152109] devtmpfs: initialized
[    0.152810] x86/mm: Memory block size: 128MB
[    0.153738] evm: security.selinux
[    0.154421] evm: security.SMACK64
[    0.155107] evm: security.SMACK64EXEC
[    0.156002] evm: security.SMACK64TRANSMUTE
[    0.156806] evm: security.SMACK64MMAP
[    0.157481] evm: security.apparmor
[    0.158193] evm: security.ima
[    0.158835] evm: security.capability
[    0.160088] clocksource: jiffies: mask: 0xffffffff max_cycles: 0xffffffff, max_idle_ns: 7645041785100000 ns
[    0.161945] futex hash table entries: 512 (order: 3, 32768 bytes)
[    0.164000] pinctrl core: initialized pinctrl subsystem
[    0.164092] RTC time: 14:58:06, date: 01/31/20
[    0.168159] NET: Registered protocol family 16
[    0.169012] audit: initializing netlink subsys (disabled)
[    0.170044] audit: type=2000 audit(1580482691.197:1): state=initialized audit_enabled=0 res=1
[    0.170044] cpuidle: using governor ladder
[    0.172009] cpuidle: using governor menu
[    0.172902] ACPI: bus type PCI registered
[    0.173765] acpiphp: ACPI Hot Plug PCI Controller Driver version: 0.5
[    0.175035] PCI: Using configuration type 1 for base access
[    0.176917] HugeTLB registered 2.00 MiB page size, pre-allocated 0 pages
[    0.177262] ACPI: Added _OSI(Module Device)
[    0.180006] ACPI: Added _OSI(Processor Device)
[    0.181092] ACPI: Added _OSI(3.0 _SCP Extensions)
[    0.182072] ACPI: Added _OSI(Processor Aggregator Device)
[    0.183054] ACPI: Added _OSI(Linux-Dell-Video)
[    0.184002] ACPI: Added _OSI(Linux-Lenovo-NV-HDMI-Audio)
[    0.185015] ACPI: Added _OSI(Linux-HPI-Hybrid-Graphics)
[    0.186256] ACPI: Executed 1 blocks of module-level executable AML code
[    0.191122] ACPI: Interpreter enabled
[    0.191817] ACPI: (supports S0 S5)
[    0.192002] ACPI: Using IOAPIC for interrupt routing
[    0.193322] PCI: Using host bridge windows from ACPI; if necessary, use "pci=nocrs" and report a bug
[    0.195222] ACPI: Enabled 2 GPEs in block 00 to 07
[    0.202993] ACPI: PCI Root Bridge [PCI0] (domain 0000 [bus 00-ff])
[    0.204000] acpi PNP0A03:00: _OSC: OS supports [ASPM ClockPM Segments MSI]
[    0.204553] acpi PNP0A03:00: _OSC: not requesting OS control; OS requires [ExtendedConfig ASPM ClockPM MSI]
[    0.206248] acpi PNP0A03:00: fail to add MMCONFIG information, can't access extended PCI configuration space under this bridge.
[    0.208323] PCI host bridge to bus 0000:00
[    0.209172] pci_bus 0000:00: root bus resource [io  0x0000-0x0cf7 window]
[    0.212002] pci_bus 0000:00: root bus resource [io  0x0d00-0xffff window]
[    0.213250] pci_bus 0000:00: root bus resource [mem 0x000a0000-0x000bffff window]
[    0.214596] pci_bus 0000:00: root bus resource [mem 0x40000000-0xfdffffff window]
[    0.215897] pci_bus 0000:00: root bus resource [bus 00-ff]
[    0.217843] pci 0000:00:01.1: legacy IDE quirk: reg 0x10: [io  0x01f0-0x01f7]
[    0.219075] pci 0000:00:01.1: legacy IDE quirk: reg 0x14: [io  0x03f6]
[    0.220002] pci 0000:00:01.1: legacy IDE quirk: reg 0x18: [io  0x0170-0x0177]
[    0.221339] pci 0000:00:01.1: legacy IDE quirk: reg 0x1c: [io  0x0376]
[    0.236137] pci 0000:00:07.0: quirk: [io  0x4000-0x403f] claimed by PIIX4 ACPI
[    0.237583] pci 0000:00:07.0: quirk: [io  0x4100-0x410f] claimed by PIIX4 SMB
[    0.246295] ACPI: PCI Interrupt Link [LNKA] (IRQs 5 9 10 *11)
[    0.247698] ACPI: PCI Interrupt Link [LNKB] (IRQs 5 9 *10 11)
[    0.248129] ACPI: PCI Interrupt Link [LNKC] (IRQs 5 *9 10 11)
[    0.249287] ACPI: PCI Interrupt Link [LNKD] (IRQs 5 9 10 *11)
[    0.250685] SCSI subsystem initialized
[    0.252050] pci 0000:00:02.0: vgaarb: setting as boot VGA device
[    0.253256] pci 0000:00:02.0: vgaarb: VGA device added: decodes=io+mem,owns=io+mem,locks=none
[    0.254795] pci 0000:00:02.0: vgaarb: bridge control possible
[    0.256037] vgaarb: loaded
[    0.256630] ACPI: bus type USB registered
[    0.257461] usbcore: registered new interface driver usbfs
[    0.258469] usbcore: registered new interface driver hub
[    0.260015] usbcore: registered new device driver usb
[    0.261186] EDAC MC: Ver: 3.0.0
[    0.261186] PCI: Using ACPI for IRQ routing
[    0.261186] NetLabel: Initializing
[    0.264006] NetLabel:  domain hash size = 128
[    0.264976] NetLabel:  protocols = UNLABELED CIPSOv4 CALIPSO
[    0.266045] NetLabel:  unlabeled traffic allowed by default
[    0.268007] clocksource: Switched to clocksource kvm-clock
[    0.284516] VFS: Disk quotas dquot_6.6.0
[    0.285299] VFS: Dquot-cache hash table entries: 512 (order 0, 4096 bytes)
[    0.286624] AppArmor: AppArmor Filesystem Enabled
[    0.287568] pnp: PnP ACPI init
[    0.289209] pnp: PnP ACPI: found 3 devices
[    0.299102] clocksource: acpi_pm: mask: 0xffffff max_cycles: 0xffffff, max_idle_ns: 2085701024 ns
[    0.300846] NET: Registered protocol family 2
[    0.301856] TCP established hash table entries: 8192 (order: 4, 65536 bytes)
[    0.303156] TCP bind hash table entries: 8192 (order: 5, 131072 bytes)
[    0.306956] TCP: Hash tables configured (established 8192 bind 8192)
[    0.308021] UDP hash table entries: 512 (order: 2, 16384 bytes)
[    0.309138] UDP-Lite hash table entries: 512 (order: 2, 16384 bytes)
[    0.310343] NET: Registered protocol family 1
[    0.311198] pci 0000:00:00.0: Limiting direct PCI/PCI transfers
[    0.312272] pci 0000:00:01.0: Activating ISA DMA hang workarounds
[    0.313404] pci 0000:00:02.0: Video device with shadowed ROM at [mem 0x000c0000-0x000dffff]
[    0.315114] Unpacking initramfs...
[    0.579616] Freeing initrd memory: 19200K
[    0.580605] clocksource: tsc: mask: 0xffffffffffffffff max_cycles: 0x396d4ffc055, max_idle_ns: 881590662783 ns
[    0.582602] platform rtc_cmos: registered platform RTC device (no PNP device found)
[    0.584147] Scanning for low memory corruption every 60 seconds
[    0.585902] Initialise system trusted keyrings
[    0.586786] Key type blacklist registered
[    0.587697] workingset: timestamp_bits=36 max_order=18 bucket_order=0
[    0.589827] zbud: loaded
[    0.590938] squashfs: version 4.0 (2009/01/31) Phillip Lougher
[    0.592181] fuse init (API version 7.26)
[    0.595758] Key type asymmetric registered
[    0.596538] Asymmetric key parser 'x509' registered
[    0.597405] Block layer SCSI generic (bsg) driver version 0.4 loaded (major 246)
[    0.598730] io scheduler noop registered
[    0.599399] io scheduler deadline registered
[    0.600169] io scheduler cfq registered (default)
[    0.601307] ACPI: AC Adapter [AC] (on-line)
[    0.602089] input: Power Button as /devices/LNXSYSTM:00/LNXPWRBN:00/input/input0
[    0.603444] ACPI: Power Button [PWRF]
[    0.604163] input: Sleep Button as /devices/LNXSYSTM:00/LNXSLPBN:00/input/input1
[    0.605391] ACPI: Sleep Button [SLPF]
[    0.606932] ACPI: Battery Slot [BAT0] (battery present)
[    0.607948] Serial: 8250/16550 driver, 32 ports, IRQ sharing enabled
[    0.629723] 00:02: ttyS0 at I/O 0x3f8 (irq = 4, base_baud = 115200) is a 16550A
[    0.635055] Linux agpgart interface v0.103
[    0.637143] loop: module loaded
[    0.638165] scsi host0: ata_piix
[    0.638851] scsi host1: ata_piix
[    0.639451] ata1: PATA max UDMA/33 cmd 0x1f0 ctl 0x3f6 bmdma 0xd000 irq 14
[    0.640654] ata2: PATA max UDMA/33 cmd 0x170 ctl 0x376 bmdma 0xd008 irq 15
[    0.642084] libphy: Fixed MDIO Bus: probed
[    0.642907] tun: Universal TUN/TAP device driver, 1.6
[    0.643853] PPP generic driver version 2.4.2
[    0.644701] ehci_hcd: USB 2.0 'Enhanced' Host Controller (EHCI) Driver
[    0.645829] ehci-pci: EHCI PCI platform driver
[    0.646614] ehci-platform: EHCI generic platform driver
[    0.647468] ohci_hcd: USB 1.1 'Open' Host Controller (OHCI) Driver
[    0.648555] ohci-pci: OHCI PCI platform driver
[    0.649302] ohci-platform: OHCI generic platform driver
[    0.650153] uhci_hcd: USB Universal Host Controller Interface driver
[    0.651214] i8042: PNP: PS/2 Controller [PNP0303:PS2K,PNP0f03:PS2M] at 0x60,0x64 irq 1,12
[    0.653043] serio: i8042 KBD port at 0x60,0x64 irq 1
[    0.653914] serio: i8042 AUX port at 0x60,0x64 irq 12
[    0.654912] mousedev: PS/2 mouse device common for all mice
[    0.656411] input: AT Translated Set 2 keyboard as /devices/platform/i8042/serio0/input/input2
[    0.658004] rtc_cmos rtc_cmos: rtc core: registered rtc_cmos as rtc0
[    0.659067] rtc_cmos rtc_cmos: alarms up to one day, 114 bytes nvram
[    0.660082] i2c /dev entries driver
[    0.660771] device-mapper: uevent: version 1.0.3
[    0.661654] device-mapper: ioctl: 4.37.0-ioctl (2017-09-20) initialised: dm-devel@redhat.com
[    0.663133] ledtrig-cpu: registered to indicate activity on CPUs
[    0.664418] NET: Registered protocol family 10
[    0.667985] Segment Routing with IPv6
[    0.668693] NET: Registered protocol family 17
[    0.669487] Key type dns_resolver registered
[    0.670399] mce: Using 0 MCE banks
[    0.671009] RAS: Correctable Errors collector initialized.
[    0.671899] sched_clock: Marking stable (670371532, 0)->(877753859, -207382327)
[    0.673561] registered taskstats version 1
[    0.674343] Loading compiled-in X.509 certificates
[    0.677077] Loaded X.509 cert 'Build time autogenerated kernel key: 62d24f9c726e026b112735485dad6e6e4b50c923'
[    0.678799] zswap: loaded using pool lzo/zbud
[    0.682087] Key type big_key registered
[    0.682753] Key type trusted registered
[    0.684639] Key type encrypted registered
[    0.685337] AppArmor: AppArmor sha1 policy hashing enabled
[    0.686270] ima: No TPM chip found, activating TPM-bypass! (rc=-19)
[    0.687301] ima: Allocated hash algorithm: sha1
[    0.688059] evm: HMAC attrs: 0x1
[    0.688972]   Magic number: 4:227:992
[    0.689724] rtc_cmos rtc_cmos: setting system clock to 2020-01-31 14:58:06 UTC (1580482686)
[    0.691170] BIOS EDD facility v0.16 2004-Jun-25, 0 devices found
[    0.692181] EDD information not available.
[    0.809188] Freeing unused kernel image memory: 2428K
[    0.831592] Write protecting the kernel read-only data: 20480k
[    0.838632] Freeing unused kernel image memory: 2008K
[    0.842837] Freeing unused kernel image memory: 1884K
[    0.858971] x86/mm: Checked W+X mappings: passed, no W+X pages found.
[    0.860773] x86/mm: Checking user space page tables
[    0.870866] x86/mm: Checked W+X mappings: passed, no W+X pages found.
Loading, please wait...
starting version 237
[    0.935044] Fusion MPT base driver 3.04.20
[    0.935836] Copyright (c) 1999-2008 LSI Corporation
[    0.938930] e1000: Intel(R) PRO/1000 Network Driver - version 7.3.21-k8-NAPI
[    0.940126] e1000: Copyright (c) 1999-2006 Intel Corporation.
[    0.955086] AVX2 version of gcm_enc/dec engaged.
[    0.956079] AES CTR mode by8 optimization enabled
[    0.958637] Fusion MPT SPI Host driver 3.04.20
[    1.195946] input: ImExPS/2 Generic Explorer Mouse as /devices/platform/i8042/serio1/input/input4
[    1.610616] e1000 0000:00:03.0 eth0: (PCI:33MHz:32-bit) 02:22:e7:1f:39:14
[    1.613542] e1000 0000:00:03.0 eth0: Intel(R) PRO/1000 Network Connection
[    2.032106] e1000 0000:00:08.0 eth1: (PCI:33MHz:32-bit) 08:00:27:50:8e:a9
[    2.034105] e1000 0000:00:08.0 eth1: Intel(R) PRO/1000 Network Connection
[    2.037510] mptbase: ioc0: Initiating bringup
[    2.038268] e1000 0000:00:03.0 enp0s3: renamed from eth0
[    2.052866] e1000 0000:00:08.0 enp0s8: renamed from eth1
[    2.141018] ioc0: LSI53C1030 A0: Capabilities={Initiator}
[    2.395491] scsi host2: ioc0: LSI53C1030 A0, FwRev=00000000h, Ports=1, MaxQ=256, IRQ=20
[    2.569865] scsi 2:0:0:0: Direct-Access     VBOX     HARDDISK         1.0  PQ: 0 ANSI: 5
[    2.967172] scsi target2:0:0: Beginning Domain Validation
[    2.980661] scsi target2:0:0: Domain Validation skipping write tests
[    2.986290] scsi target2:0:0: Ending Domain Validation
[    2.989891] scsi target2:0:0: asynchronous
[    2.994125] scsi 2:0:1:0: Direct-Access     VBOX     HARDDISK         1.0  PQ: 0 ANSI: 5
[    3.411833] scsi target2:0:1: Beginning Domain Validation
[    3.419623] random: fast init done
[    3.421019] scsi target2:0:1: Domain Validation skipping write tests
[    3.422528] scsi target2:0:1: Ending Domain Validation
[    3.423936] scsi target2:0:1: asynchronous
[    3.431092] random: systemd-udevd: uninitialized urandom read (16 bytes read)
[    3.431109] sd 2:0:0:0: Attached scsi generic sg0 type 0
[    3.432693] random: systemd-udevd: uninitialized urandom read (16 bytes read)
[    3.435293] random: systemd-udevd: uninitialized urandom read (16 bytes read)
[    3.436889] sd 2:0:1:0: Attached scsi generic sg1 type 0
[    3.436900] sd 2:0:0:0: [sda] 20971520 512-byte logical blocks: (10.7 GB/10.0 GiB)
[    3.439674] sd 2:0:0:0: [sda] Write Protect is off
[    3.440954] sd 2:0:1:0: [sdb] 20480 512-byte logical blocks: (10.5 MB/10.0 MiB)
[    3.442512] sd 2:0:0:0: [sda] Incomplete mode parameter data
[    3.443485] sd 2:0:0:0: [sda] Assuming drive cache: write through
[    3.444161] sd 2:0:1:0: [sdb] Write Protect is off
[    3.446313] sd 2:0:1:0: [sdb] Incomplete mode parameter data
[    3.447459] sd 2:0:1:0: [sdb] Assuming drive cache: write through
[    3.458767]  sda: sda1
[    3.461048] sd 2:0:0:0: [sda] Attached SCSI disk
[    3.462623] sd 2:0:1:0: [sdb] Attached SCSI disk
Begin: Loading essential drivers ... [    5.032174] raid6: sse2x1   gen() 10728 MB/s
[    5.080527] raid6: sse2x1   xor()  7577 MB/s
[    5.128361] raid6: sse2x2   gen() 14140 MB/s
[    5.176165] raid6: sse2x2   xor() 10704 MB/s
[    5.224041] raid6: sse2x4   gen() 18631 MB/s
[    5.272865] raid6: sse2x4   xor() 12146 MB/s
[    5.320663] raid6: avx2x1   gen() 27087 MB/s
[    5.368744] raid6: avx2x1   xor() 18853 MB/s
[    5.416525] raid6: avx2x2   gen() 32348 MB/s
[    5.464402] raid6: avx2x2   xor() 20437 MB/s
[    5.512168] raid6: avx2x4   gen() 36571 MB/s
[    5.560024] raid6: avx2x4   xor() 21526 MB/s
[    5.560834] raid6: using algorithm avx2x4 gen() 36571 MB/s
[    5.561927] raid6: .... xor() 21526 MB/s, rmw enabled
[    5.562895] raid6: using avx2x2 recovery algorithm
[    5.565055] xor: automatically using best checksumming function   avx       
[    5.567262] async_tx: api initialized (async)
done.
Begin: Running /scripts/init-premount ... done.
Begin: Mounting root file system ... Begin: Running /scripts/local-top ... done.
Begin: Running /scripts/local-premount ... [    5.608113] Btrfs loaded, crc32c=crc32c-intel
Scanning for Btrfs filesystems
done.
Warning: fsck not present, so skipping root file system
[    5.651641] EXT4-fs (sda1): INFO: recovery required on readonly filesystem
[    5.653036] EXT4-fs (sda1): write access will be enabled during recovery
[    5.696983] EXT4-fs (sda1): orphan cleanup on readonly fs
[    5.698173] EXT4-fs (sda1): 1 orphan inode deleted
[    5.699160] EXT4-fs (sda1): recovery complete
[    5.701257] EXT4-fs (sda1): mounted filesystem with ordered data mode. Opts: (null)
done.
Begin: Running /scripts/local-bottom ... done.
Begin: Running /scripts/init-bottom ... done.
[    5.887455] ip_tables: (C) 2000-2006 Netfilter Core Team
[    5.895933] systemd[1]: systemd 237 running in system mode. (+PAM +AUDIT +SELINUX +IMA +APPARMOR +SMACK +SYSVINIT +UTMP +LIBCRYPTSETUP +GCRYPT +GNUTLS +ACL +XZ +LZ4 +SECCOMP +BLKID +ELFUTILS +KMOD -IDN2 +IDN -PCRE2 default-hierarchy=hybrid)
[    5.899506] systemd[1]: Detected virtualization oracle.
[    5.900421] systemd[1]: Detected architecture x86-64.

Welcome to [1mUbuntu 18.04.3 LTS[0m!

[    5.906380] systemd[1]: Set hostname to <myjenkins>.
[    6.277705] systemd[1]: Reached target Swap.
[[0;32m  OK  [0m] Reached target Swap.
[    6.288748] systemd[1]: Reached target System Time Synchronized.
[[0;32m  OK  [0m] Reached target System Time Synchronized.
[    6.302423] systemd[1]: Created slice System Slice.
[[0;32m  OK  [0m] Created slice System Slice.
[    6.317107] systemd[1]: Listening on /dev/initctl Compatibility Named Pipe.
[[0;32m  OK  [0m] Listening on /dev/initctl Compatibility Named Pipe.
[    6.328577] systemd[1]: Listening on LVM2 metadata daemon socket.
[[0;32m  OK  [0m] Listening on LVM2 metadata daemon socket.
[    6.340658] systemd[1]: Listening on Device-mapper event daemon FIFOs.
[[0;32m  OK  [0m] Listening on Device-mapper event daemon FIFOs.
[[0;32m  OK  [0m] Listening on Journal Audit Socket.
[[0;32m  OK  [0m] Listening on Syslog Socket.
[[0;32m  OK  [0m] Reached target User and Group Name Lookups.
[[0;32m  OK  [0m] Created slice User and Session Slice.
[[0;32m  OK  [0m] Set up automount Arbitrary Executabâ€¦rmats File System Automount Point.
[[0;32m  OK  [0m] Created slice system-serial\x2dgetty.slice.
[[0;32m  OK  [0m] Listening on Journal Socket (/dev/log).
[[0;32m  OK  [0m] Listening on udev Control Socket.
[[0;32m  OK  [0m] Listening on LVM2 poll daemon socket.
[[0;32m  OK  [0m] Listening on Journal Socket.
         Starting Create list of required stâ€¦ce nodes for the current kernel...
         Starting Remount Root and Kernel File Systems...
         Mounting POSIX Message Queue File System...
         Starting Monitoring of LVM2 mirrorsâ€¦ng dmeventd or progress polling...
         Mounting Kernel Debug File System...
         Starting Uncomplicated firewall...
         Starting Journal Service...
[    6.459464] EXT4-fs (sda1): re-mounted. Opts: (null)
         Starting Load Kernel Modules...
[[0;32m  OK  [0m] Started Forward Password Requests to Wall Directory Watch.
[[0;32m  OK  [0m] Reached target Slices.
         Mounting Huge Pages File System...
         Starting Set the console keyboard layout...
[[0;32m  OK  [0m] Listening on udev Kernel Socket.
[    6.505377] Loading iSCSI transport class v2.0-870.
[    6.511879] iscsi: registered transport (tcp)
         Starting udev Coldplug all Devices...
[[0;32m  OK  [0m] Listening on Network Service Netlink Socket.
[[0;32m  OK  [0m] Started Create list of required staâ€¦vice nodes for the current kernel.
[[0;32m  OK  [0m] Started Remount Root and Kernel File Systems.
[    6.537057] iscsi: registered transport (iser)
[[0;32m  OK  [0m] Mounted POSIX Message Queue File System.
[[0;32m  OK  [0m] Mounted Kernel Debug File System.
[[0;32m  OK  [0m] Started Uncomplicated firewall.
[[0;32m  OK  [0m] Started Journal Service.
[[0;32m  OK  [0m] Started Load Kernel Modules.
[[0;32m  OK  [0m] Mounted Huge Pages File System.
[[0;32m  OK  [0m] Started LVM2 metadata daemon.
         Starting Apply Kernel Variables...
         Mounting FUSE Control File System...
         Mounting Kernel Configuration File System...
         Starting Flush Journal to Persistent Storage...
         Starting Load/Save Random Seed...
         Starting Create Static Device Nodes in /dev...
[[0;32m  OK  [0m] Started Monitoring of LVM2 mirrors,â€¦sing dmeventd or progress polling.
[[0;32m  OK  [0m] Started udev Coldplug all Devices.
[[0;32m  OK  [0m] Started Apply Kernel Variables.
[[0;32m  OK  [0m] Mounted FUSE Control File System.
[[0;32m  OK  [0m] Mounted Kernel Configuration File System.
[[0;32m  OK  [0m] Started Load/Save Random Seed.
[[0;32m  OK  [0m] Started Set the console keyboard layout.
[[0;32m  OK  [0m] Started Create Static Device Nodes in /dev.
         Starting udev Kernel Device Manager...
[[0;32m  OK  [0m] Reached target Local File Systems (Pre).
[[0;32m  OK  [0m] Reached target Local File Systems.
         Starting ebtables ruleset management...
         Starting AppArmor initialization...
         Starting Tell Plymouth To Write Out Runtime Data...
         Starting Set console font and keymap...
[[0;32m  OK  [0m] Started udev Kernel Device Manager.
[[0;32m  OK  [0m] Started Dispatch Password Requests to Console Directory Watch.
[[0;32m  OK  [0m] Reached target Local Encrypted Volumes.
[[0;32m  OK  [0m] Started Set console font and keymap.
[[0;32m  OK  [0m] Started Tell Plymouth To Write Out Runtime Data.
[[0;32m  OK  [0m] Started Flush Journal to Persistent Storage.
         Starting Create Volatile Files and Directories...
[[0;32m  OK  [0m] Started ebtables ruleset management.
[[0;32m  OK  [0m] Started Create Volatile Files and Directories.
         Starting Update UTMP about System Boot/Shutdown...
[[0;32m  OK  [0m] Started Update UTMP about System Boot/Shutdown.
[[0;32m  OK  [0m] Found device /dev/ttyS0.
[[0;32m  OK  [0m] Started AppArmor initialization.
         Starting Initial cloud-init job (pre-networking)...
[[0;32m  OK  [0m] Listening on Load/Save RF Kill Switch Status /dev/rfkill Watch.
[    8.276404] cloud-init[522]: Cloud-init v. 19.3-41-gc4735dd3-0ubuntu1~18.04.1 running 'init-local' at Fri, 31 Jan 2020 14:58:13 +0000. Up 8.03 seconds.
[[0;32m  OK  [0m] Started Initial cloud-init job (pre-networking).
[[0;32m  OK  [0m] Reached target Network (Pre).
         Starting Network Service...
[[0;32m  OK  [0m] Started Network Service.
         Starting Wait for Network to be Configured...
         Starting Network Name Resolution...
[[0;32m  OK  [0m] Started Network Name Resolution.
[[0;32m  OK  [0m] Reached target Host and Network Name Lookups.
[[0;32m  OK  [0m] Reached target Network.
[[0;32m  OK  [0m] Started Wait for Network to be Configured.
         Starting Initial cloud-init job (metadata service crawler)...
[   10.276922] cloud-init[662]: Cloud-init v. 19.3-41-gc4735dd3-0ubuntu1~18.04.1 running 'init' at Fri, 31 Jan 2020 14:58:15 +0000. Up 10.05 seconds.
[   10.278429] cloud-init[662]: ci-info: ++++++++++++++++++++++++++++++++++++++Net device info+++++++++++++++++++++++++++++++++++++++
[   10.279771] cloud-init[662]: ci-info: +--------+------+-----------------------------+---------------+--------+-------------------+
[   10.281209] cloud-init[662]: ci-info: | Device |  Up  |           Address           |      Mask     | Scope  |     Hw-Address    |
[   10.282787] cloud-init[662]: ci-info: +--------+------+-----------------------------+---------------+--------+-------------------+
[   10.284181] cloud-init[662]: ci-info: | enp0s3 | True |          10.0.2.15          | 255.255.255.0 | global | 02:22:e7:1f:39:14 |
[   10.285540] cloud-init[662]: ci-info: | enp0s3 | True |  fe80::22:e7ff:fe1f:3914/64 |       .       |  link  | 02:22:e7:1f:39:14 |
[   10.287531] cloud-init[662]: ci-info: | enp0s8 | True |        192.168.44.10        | 255.255.255.0 | global | 08:00:27:50:8e:a9 |
[   10.300688] cloud-init[662]: ci-info: | enp0s8 | True | fe80::a00:27ff:fe50:8ea9/64 |       .       |  link  | 08:00:27:50:8e:a9 |
[   10.302391] cloud-init[662]: ci-info: |   lo   | True |          127.0.0.1          |   255.0.0.0   |  host  |         .         |
[   10.312398] cloud-init[662]: ci-info: |   lo   | True |           ::1/128           |       .       |  host  |         .         |
[   10.314306] cloud-init[662]: ci-info: +--------+------+-----------------------------+---------------+--------+-------------------+
[   10.324655] cloud-init[662]: ci-info: +++++++++++++++++++++++++++++Route IPv4 info+++++++++++++++++++++++++++++
[   10.336243] cloud-init[662]: ci-info: +-------+--------------+----------+-----------------+-----------+-------+
[   10.337069] cloud-init[662]: ci-info: | Route | Destination  | Gateway  |     Genmask     | Interface | Flags |
[   10.338296] cloud-init[662]: ci-info: +-------+--------------+----------+-----------------+-----------+-------+
[   10.339550] cloud-init[662]: ci-info: |   0   |   0.0.0.0    | 10.0.2.2 |     0.0.0.0     |   enp0s3  |   UG  |
[   10.340872] cloud-init[662]: ci-info: |   1   |   10.0.2.0   | 0.0.0.0  |  255.255.255.0  |   enp0s3  |   U   |
[   10.342135] cloud-init[662]: ci-info: |   2   |   10.0.2.2   | 0.0.0.0  | 255.255.255.255 |   enp0s3  |   UH  |
[   10.344050] cloud-init[662]: ci-info: |   3   | 192.168.44.0 | 0.0.0.0  |  255.255.255.0  |   enp0s8  |   U   |
[   10.345334] cloud-init[662]: ci-info: +-------+--------------+----------+-----------------+-----------+-------+
[   10.346663] cloud-init[662]: ci-info: +++++++++++++++++++Route IPv6 info+++++++++++++++++++
[   10.347975] cloud-init[662]: ci-info: +-------+-------------+---------+-----------+-------+
[   10.349401] cloud-init[662]: ci-info: | Route | Destination | Gateway | Interface | Flags |
[   10.350822] cloud-init[662]: ci-info: +-------+-------------+---------+-----------+-------+
[   10.352334] cloud-init[662]: ci-info: |   1   |  fe80::/64  |    ::   |   enp0s8  |   U   |
[   10.353684] cloud-init[662]: ci-info: |   2   |  fe80::/64  |    ::   |   enp0s3  |   U   |
[   10.364313] cloud-init[662]: ci-info: |   4   |    local    |    ::   |   enp0s3  |   U   |
[   10.365499] cloud-init[662]: ci-info: |   5   |    local    |    ::   |   enp0s8  |   U   |
[   10.367138] cloud-init[662]: ci-info: |   6   |   ff00::/8  |    ::   |   enp0s8  |   U   |
[   10.380202] cloud-init[662]: ci-info: |   7   |   ff00::/8  |    ::   |   enp0s3  |   U   |
[   10.381597] cloud-init[662]: ci-info: +-------+-------------+---------+-----------+-------+
[[0;32m  OK  [0m] Started Initial cloud-init job (metadata service crawler).
[[0;32m  OK  [0m] Reached target Network is Online.
         Starting Availability of block devices...
[[0;32m  OK  [0m] Reached target Remote File Systems (Pre).
[[0;32m  OK  [0m] Reached target Remote File Systems.
[[0;32m  OK  [0m] Reached target System Initialization.
[[0;32m  OK  [0m] Started Daily apt download activities.
[[0;32m  OK  [0m] Listening on D-Bus System Message Bus Socket.
[[0;32m  OK  [0m] Started Discard unused blocks once a week.
[[0;32m  OK  [0m] Listening on Open-iSCSI iscsid Socket.
         Starting Docker Socket for the API.
[[0;32m  OK  [0m] Listening on ACPID Listen Socket.
[[0;32m  OK  [0m] Started Message of the Day.
[[0;32m  OK  [0m] Started Daily apt upgrade and clean activities.
[[0;32m  OK  [0m] Started ACPI Events Check.
[[0;32m  OK  [0m] Reached target Paths.
[[0;32m  OK  [0m] Started Daily Cleanup of Temporary Directories.
[[0;32m  OK  [0m] Reached target Timers.
         Starting Socket activation for snappy daemon.
[[0;32m  OK  [0m] Listening on UUID daemon activation socket.
         Starting LXD - unix socket.
[[0;32m  OK  [0m] Reached target Cloud-config availability.
[[0;32m  OK  [0m] Started Availability of block devices.
[[0;32m  OK  [0m] Listening on Docker Socket for the API.
[[0;32m  OK  [0m] Listening on Socket activation for snappy daemon.
[[0;32m  OK  [0m] Listening on LXD - unix socket.
[[0;32m  OK  [0m] Reached target Sockets.
[[0;32m  OK  [0m] Reached target Basic System.
         Starting Login Service...
         Starting LSB: Record successful boot for GRUB...
         Starting containerd container runtime...
[[0;32m  OK  [0m] Started D-Bus System Message Bus.
         Starting Dispatcher daemon for systemd-networkd...
         Starting LSB: Start Jenkins at boot time...
         Starting Permit User Sessions...
         Starting LSB: automatic crash report generation...
[[0;32m  OK  [0m] Started Regular background program processing daemon.
[[0;32m  OK  [0m] Started irqbalance daemon.
[[0;32m  OK  [0m] Started FUSE filesystem for LXC.
         Starting Virtualbox guest utils...
         Starting Accounts Service...
         Starting System Logging Service...
         Starting Snappy daemon...
         Starting OpenBSD Secure Shell server...
[[0;32m  OK  [0m] Started Deferred execution scheduler.
         Starting LXD - container startup/shutdown...
[[0;32m  OK  [0m] Started System Logging Service.
[[0;32m  OK  [0m] Started containerd container runtime.
[[0;32m  OK  [0m] Started Permit User Sessions.
[[0;32m  OK  [0m] Started Login Service.
[[0;32m  OK  [0m] Started Unattended Upgrades Shutdown.
         Starting Hold until boot process finishes up...
         Starting Terminate Plymouth Boot Screen...
         Starting Docker Application Container Engine...
[[0;32m  OK  [0m] Started Hold until boot process finishes up.
[[0;32m  OK  [0m] Started Serial Getty on ttyS0.
         Starting Set console scheme...
[[0;32m  OK  [0m] Started Terminate Plymouth Boot Screen.
[[0;32m  OK  [0m] Started Set console scheme.
[[0;32m  OK  [0m] Started Dispatcher daemon for systemd-networkd.
[[0;32m  OK  [0m] Created slice system-getty.slice.
[[0;32m  OK  [0m] Started Getty on tty1.
[[0;32m  OK  [0m] Reached target Login Prompts.
         Starting Authorization Manager...
[[0;32m  OK  [0m] Started LSB: automatic crash report generation.
[[0;32m  OK  [0m] Started OpenBSD Secure Shell server.
[[0;32m  OK  [0m] Started Virtualbox guest utils.
[[0;32m  OK  [0m] Started LSB: Record successful boot for GRUB.
[[0;32m  OK  [0m] Started Authorization Manager.
[[0;32m  OK  [0m] Started Accounts Service.
[[0;32m  OK  [0m] Started LXD - container startup/shutdown.
[[0;32m  OK  [0m] Created slice User Slice of vagrant.
         Starting User Manager for UID 1000...
[[0;32m  OK  [0m] Started Session 1 of user vagrant.
[[0;32m  OK  [0m] Started User Manager for UID 1000.
[[0;32m  OK  [0m] Started Snappy daemon.
         Starting Wait until snapd is fully seeded...
[[0;32m  OK  [0m] Created slice User Slice of jenkins.
         Starting User Manager for UID 111...
[[0;32m  OK  [0m] Started Session c1 of user jenkins.
[[0;32m  OK  [0m] Started User Manager for UID 111.
[[0;32m  OK  [0m] Started Wait until snapd is fully seeded.
         Starting Apply the settings specified in cloud-config...
[   13.467799] cloud-init[1240]: Cloud-init v. 19.3-41-gc4735dd3-0ubuntu1~18.04.1 running 'modules:config' at Fri, 31 Jan 2020 14:58:19 +0000. Up 13.26 seconds.
[[0;32m  OK  [0m] Started Apply the settings specified in cloud-config.
[[0;32m  OK  [0m] Started LSB: Start Jenkins at boot time.
[[0;32m  OK  [0m] Started Docker Application Container Engine.
[[0;32m  OK  [0m] Reached target Multi-User System.
[[0;32m  OK  [0m] Reached target Graphical Interface.
         Starting Update UTMP about System Runlevel Changes...
         Starting Execute cloud user/final scripts...
[[0;32m  OK  [0m] Started Update UTMP about System Runlevel Changes.
[   14.960488] cloud-init[1532]: Cloud-init v. 19.3-41-gc4735dd3-0ubuntu1~18.04.1 running 'modules:final' at Fri, 31 Jan 2020 14:58:20 +0000. Up 14.73 seconds.
[   14.962070] cloud-init[1532]: Cloud-init v. 19.3-41-gc4735dd3-0ubuntu1~18.04.1 finished at Fri, 31 Jan 2020 14:58:20 +0000. Datasource DataSourceNoCloud [seed=/dev/sdb][dsmode=net].  Up 14.94 seconds
[[0;32m  OK  [0m] Started Execute cloud user/final scripts.
[[0;32m  OK  [0m] Reached target Cloud-init target.

Ubuntu 18.04.3 LTS myjenkins ttyS0

myjenkins login: 